<<<<<<< HEAD
247187
=======
245873
>>>>>>> update-core
